src/pages/FinalLook.tsx(5,39): error TS2307: Cannot find module '@/context/AppContext' or its corresponding type declarations.
src/pages/Visualization3D.tsx(5,39): error TS2307: Cannot find module '@/context/AppContext' or its corresponding type declarations.
